
> tims-glam@1.0.0 build
> next build

  Ôû▓ Next.js 14.2.35

   Creating an optimized production build ...
 Ô£ô Compiled successfully
   Linting and checking validity of types ...

./src/components/FeaturedProductSlider.js
32:9  Warning: The 'nextSlide' function makes the dependencies of useEffect Hook (at line 47) change on every render. To fix this, wrap the definition of 'nextSlide' in its own useCallback() Hook.  react-hooks/exhaustive-deps

./src/components/TestimonialsSlider.js
92:9  Warning: The 'nextSlide' function makes the dependencies of useEffect Hook (at line 107) change on every render. To fix this, wrap the definition of 'nextSlide' in its own useCallback() Hook.  react-hooks/exhaustive-deps

info  - Need to disable some ESLint rules? Learn more here: https://nextjs.org/docs/basic-features/eslint#disabling-rules
   Collecting page data ...
   Generating static pages (0/22) ...
   Generating static pages (5/22) 
   Generating static pages (10/22) 
   Generating static pages (16/22) 
 Ô£ô Generating static pages (22/22)
   Finalizing page optimization ...
   Collecting build traces ...

Route (app)                              Size     First Load JS
Ôöî Ôùï /                                    7.88 kB         117 kB
Ôö£ Ôùï /_not-found                          873 B          88.2 kB
Ôö£ Ôùï /about                               187 B           101 kB
Ôö£ Ôùï /account                             4.36 kB         214 kB
Ôö£ Ôùï /admin                               2.68 kB         102 kB
Ôö£ Ôùï /admin-signin                        3.14 kB         102 kB
Ôö£ Ôùï /admin/customers                     2.95 kB        93.3 kB
Ôö£ Ôùï /admin/orders                        2.86 kB        93.2 kB
Ôö£ Ôùï /admin/products                      2.67 kB         102 kB
Ôö£ Ôùï /admin/settings                      3.42 kB        93.8 kB
Ôö£ Ôùï /admin/signin                        3.19 kB         102 kB
Ôö£ Ôùï /blog                                5.55 kB         110 kB
Ôö£ ãÆ /blog/[id]                           4.69 kB         109 kB
Ôö£ Ôùï /checkout                            3.16 kB         213 kB
Ôö£ Ôùï /contact                             5.92 kB         110 kB
Ôö£ Ôùï /shop                                3.29 kB         113 kB
Ôö£ ãÆ /shop/[id]                           2.25 kB         112 kB
Ôö£ Ôùï /shop/boys                           147 B           113 kB
Ôö£ Ôùï /shop/girls                          147 B           113 kB
Ôö£ Ôùï /shop/men                            147 B           113 kB
Ôö£ Ôùï /shop/women                          148 B           113 kB
Ôöö Ôùï /wishlist                            3.69 kB         108 kB
+ First Load JS shared by all            87.3 kB
  Ôö£ chunks/117-fa8e635c03bde973.js       31.7 kB
  Ôö£ chunks/fd9d1056-94943be204604546.js  53.6 kB
  Ôöö other shared chunks (total)          1.95 kB


Ôùï  (Static)   prerendered as static content
ãÆ  (Dynamic)  server-rendered on demand

